// Jest Snapshot v1, https://goo.gl/fbAQLP

exports[`renders content with H1 tag with text call related 1`] = `
<h1>
  Facebook
</h1>
`;
